2023-09-24 19:49:50,133 - tests.test_sample - INFO - Starting the valid login test
2023-09-24 19:49:52,320 - tests.test_sample - INFO - Enter UsernameAdmin
2023-09-24 19:49:52,320 - tests.test_sample - INFO - Enter Usernameadmin123
2023-09-24 19:50:14,000 - tests.test_sample - INFO - Starting the Invalid login test
2023-09-24 19:50:17,307 - tests.test_sample - INFO - Enter UsernameAdmin invalid
2023-09-24 19:50:17,307 - tests.test_sample - INFO - Enter Username123456
2023-09-24 19:51:39,219 - tests.test_sample - INFO - Starting the valid login test
2023-09-24 19:51:41,924 - tests.test_sample - INFO - Enter Username: Admin
2023-09-24 19:51:41,924 - tests.test_sample - INFO - Enter Password: admin123
2023-09-24 19:52:10,402 - tests.test_sample - INFO - Starting the Invalid login test
2023-09-24 19:52:13,184 - tests.test_sample - INFO - Enter Username: Admin invalid
2023-09-24 19:52:13,184 - tests.test_sample - INFO - Enter Password: 123456
2023-09-24 20:06:47,823 - tests.test_sample - INFO - Starting the valid login test
2023-09-24 20:06:51,580 - tests.test_sample - INFO - Enter Username: Admin
2023-09-24 20:06:51,580 - tests.test_sample - INFO - Enter Password: admin123
2023-09-24 20:06:51,580 - tests.test_sample - INFO - Test Case Execution Completed.
2023-09-24 20:06:51,580 - tests.test_sample - INFO - --------------------------------
2023-09-24 20:07:11,573 - tests.test_sample - INFO - Starting the Invalid login test
2023-09-24 20:07:14,570 - tests.test_sample - INFO - Enter Username: Admin invalid
2023-09-24 20:07:14,570 - tests.test_sample - INFO - Enter Password: 123456
2023-09-24 20:07:14,570 - tests.test_sample - INFO - Test Case Execution Completed.
2023-09-24 20:07:14,571 - tests.test_sample - INFO - --------------------------------
2023-09-24 20:13:25,202 - tests.test_sample - INFO - Starting the valid login test
2023-09-24 20:13:28,364 - tests.test_sample - INFO - Enter Username: Admin
2023-09-24 20:13:28,364 - tests.test_sample - INFO - Enter Password: admin123
2023-09-24 20:13:28,364 - tests.test_sample - INFO - Test Case Execution Completed.
2023-09-24 20:13:28,364 - tests.test_sample - INFO - --------------------------------
2023-09-24 20:13:45,947 - tests.test_sample - INFO - Starting the Invalid login test
2023-09-24 20:13:49,625 - tests.test_sample - INFO - Enter Username: Admin invalid
2023-09-24 20:13:49,625 - tests.test_sample - INFO - Enter Password: 123456
2023-09-24 20:13:49,625 - tests.test_sample - INFO - Test Case Execution Completed.
2023-09-24 20:13:49,625 - tests.test_sample - INFO - --------------------------------
2023-09-24 20:21:11,769 - tests.test_sample - INFO - Starting the valid login test
2023-09-24 20:21:20,953 - tests.test_sample - INFO - Enter Username: Admin
2023-09-24 20:21:20,953 - tests.test_sample - INFO - Enter Password: admin123
2023-09-24 20:21:20,953 - tests.test_sample - INFO - Test Case Execution Completed.
2023-09-24 20:21:20,953 - tests.test_sample - INFO - --------------------------------
2023-09-24 20:21:50,831 - tests.test_sample - INFO - Starting the Invalid login test
2023-09-24 20:21:59,268 - tests.test_sample - INFO - Enter Username: Admin invalid
2023-09-24 20:21:59,268 - tests.test_sample - INFO - Enter Password: 123456
2023-09-24 20:21:59,268 - tests.test_sample - INFO - Test Case Execution Completed.
2023-09-24 20:21:59,268 - tests.test_sample - INFO - --------------------------------
2023-09-24 20:40:45,593 - tests.test_sample - INFO - Starting the valid login test
2023-09-24 20:40:53,803 - tests.test_sample - INFO - Enter Username: Admin
2023-09-24 20:40:53,803 - tests.test_sample - INFO - Enter Password: admin123
2023-09-24 20:40:53,803 - tests.test_sample - INFO - Test Case Execution Completed.
2023-09-24 20:40:53,803 - tests.test_sample - INFO - --------------------------------
2023-09-24 20:41:15,640 - tests.test_sample - INFO - Starting the Invalid login test
2023-09-24 20:41:23,469 - tests.test_sample - INFO - Enter Username: Admin invalid
2023-09-24 20:41:23,469 - tests.test_sample - INFO - Enter Password: 123456
2023-09-24 20:41:23,469 - tests.test_sample - INFO - Test Case Execution Completed.
2023-09-24 20:41:23,469 - tests.test_sample - INFO - --------------------------------
2023-09-24 20:44:41,673 - tests.test_sample - INFO - Starting the valid login test
2023-09-24 20:44:48,958 - tests.test_sample - INFO - Enter Username: Admin
2023-09-24 20:44:48,958 - tests.test_sample - INFO - Enter Password: admin123
2023-09-24 20:44:48,958 - tests.test_sample - INFO - Test Case Execution Completed.
2023-09-24 20:44:48,958 - tests.test_sample - INFO - --------------------------------
2023-09-24 20:45:14,365 - tests.test_sample - INFO - Starting the Invalid login test
2023-09-24 20:45:23,295 - tests.test_sample - INFO - Enter Username: Admin invalid
2023-09-24 20:45:23,295 - tests.test_sample - INFO - Enter Password: 123456
2023-09-24 20:45:23,295 - tests.test_sample - INFO - Test Case Execution Completed.
2023-09-24 20:45:23,295 - tests.test_sample - INFO - --------------------------------
2023-09-24 20:53:29,029 - tests.test_sample - INFO - Starting the valid login test
2023-09-24 20:53:38,307 - tests.test_sample - INFO - Enter Username: Admin
2023-09-24 20:53:38,307 - tests.test_sample - INFO - Enter Password: admin123
2023-09-24 20:53:38,307 - tests.test_sample - INFO - Test Case Execution Completed.
2023-09-24 20:53:38,307 - tests.test_sample - INFO - --------------------------------
2023-09-24 20:53:55,827 - tests.test_sample - INFO - Starting the Invalid login test
2023-09-24 20:54:03,977 - tests.test_sample - INFO - Enter Username: Admin invalid
2023-09-24 20:54:03,977 - tests.test_sample - INFO - Enter Password: 123456
2023-09-24 20:54:03,977 - tests.test_sample - INFO - Test Case Execution Completed.
2023-09-24 20:54:03,977 - tests.test_sample - INFO - --------------------------------
2023-09-24 20:55:30,987 - tests.test_sample - INFO - Starting the valid login test
2023-09-24 20:55:38,199 - tests.test_sample - INFO - Enter Username: Admin
2023-09-24 20:55:38,199 - tests.test_sample - INFO - Enter Password: admin123
2023-09-24 20:55:38,199 - tests.test_sample - INFO - Test Case Execution Completed.
2023-09-24 20:55:38,200 - tests.test_sample - INFO - --------------------------------
2023-09-24 20:56:11,772 - tests.test_sample - INFO - Starting the Invalid login test
2023-09-24 20:56:20,274 - tests.test_sample - INFO - Enter Username: Admin invalid
2023-09-24 20:56:20,274 - tests.test_sample - INFO - Enter Password: 123456
2023-09-24 20:56:20,274 - tests.test_sample - INFO - Test Case Execution Completed.
2023-09-24 20:56:20,274 - tests.test_sample - INFO - --------------------------------
2023-09-24 21:06:27,962 - tests.test_sample - INFO - Starting the valid login test
2023-09-24 21:06:35,969 - tests.test_sample - INFO - Enter Username: Admin
2023-09-24 21:06:35,969 - tests.test_sample - INFO - Enter Password: admin123
2023-09-24 21:06:35,969 - tests.test_sample - INFO - Test Case Execution Completed.
2023-09-24 21:06:35,969 - tests.test_sample - INFO - --------------------------------
2023-09-24 21:07:00,996 - tests.test_sample - INFO - Starting the Invalid login test
2023-09-24 21:07:08,682 - tests.test_sample - INFO - Enter Username: Admin invalid
2023-09-24 21:07:08,682 - tests.test_sample - INFO - Enter Password: 123456
2023-09-24 21:07:08,682 - tests.test_sample - INFO - Test Case Execution Completed.
2023-09-24 21:07:08,682 - tests.test_sample - INFO - --------------------------------
2023-09-24 21:21:46,668 - tests.test_sample - INFO - Starting the valid login test
2023-09-24 21:21:54,374 - tests.test_sample - INFO - Enter Username: Admin
2023-09-24 21:21:54,374 - tests.test_sample - INFO - Enter Password: admin123
2023-09-24 21:21:54,374 - tests.test_sample - INFO - Test Case Execution Completed.
2023-09-24 21:21:54,374 - tests.test_sample - INFO - --------------------------------
2023-09-24 21:22:23,721 - tests.test_sample - INFO - Starting the Invalid login test
2023-09-24 21:22:32,183 - tests.test_sample - INFO - Enter Username: Admin invalid
2023-09-24 21:22:32,183 - tests.test_sample - INFO - Enter Password: 123456
2023-09-24 21:22:32,183 - tests.test_sample - INFO - Test Case Execution Completed.
2023-09-24 21:22:32,183 - tests.test_sample - INFO - --------------------------------
2023-09-24 21:27:03,925 - tests.test_sample - INFO - Starting the valid login test
2023-09-24 21:27:13,233 - tests.test_sample - INFO - Enter Username: Admin
2023-09-24 21:27:13,233 - tests.test_sample - INFO - Enter Password: admin123
2023-09-24 21:27:13,233 - tests.test_sample - INFO - Test Case Execution Completed.
2023-09-24 21:27:13,233 - tests.test_sample - INFO - --------------------------------
2023-09-24 21:27:40,146 - tests.test_sample - INFO - Starting the Invalid login test
2023-09-24 21:27:48,808 - tests.test_sample - INFO - Enter Username: Admin invalid
2023-09-24 21:27:48,808 - tests.test_sample - INFO - Enter Password: 123456
2023-09-24 21:27:48,808 - tests.test_sample - INFO - Test Case Execution Completed.
2023-09-24 21:27:48,808 - tests.test_sample - INFO - --------------------------------
2023-09-24 21:29:39,562 - tests.test_sample - INFO - Starting the valid login test
2023-09-24 21:29:47,890 - tests.test_sample - INFO - Enter Username: Admin
2023-09-24 21:29:47,890 - tests.test_sample - INFO - Enter Password: admin123
2023-09-24 21:29:47,890 - tests.test_sample - INFO - Test Case Execution Completed.
2023-09-24 21:29:47,890 - tests.test_sample - INFO - --------------------------------
2023-09-24 21:30:33,441 - tests.test_sample - INFO - Starting the Invalid login test
2023-09-24 21:30:41,878 - tests.test_sample - INFO - Enter Username: Admin invalid
2023-09-24 21:30:41,878 - tests.test_sample - INFO - Enter Password: 123456
2023-09-24 21:30:41,878 - tests.test_sample - INFO - Test Case Execution Completed.
2023-09-24 21:30:41,878 - tests.test_sample - INFO - --------------------------------
2023-09-24 22:00:05,893 - tests.test_login_dataDriven - INFO - Starting the valid login test
2023-09-24 22:00:14,630 - tests.test_login_dataDriven - INFO - Enter Username: Admin
2023-09-24 22:00:14,630 - tests.test_login_dataDriven - INFO - Enter Password: admin123
2023-09-24 22:00:14,630 - tests.test_login_dataDriven - INFO - Test Case Execution Completed.
2023-09-24 22:00:14,630 - tests.test_login_dataDriven - INFO - --------------------------------
2023-09-24 22:00:58,476 - tests.test_login_dataDriven - INFO - Starting the valid login test
2023-09-24 22:01:07,188 - tests.test_login_dataDriven - INFO - Enter Username: Admin
2023-09-24 22:01:07,188 - tests.test_login_dataDriven - INFO - Enter Password: admin124
2023-09-24 22:01:07,188 - tests.test_login_dataDriven - INFO - Test Case Execution Completed.
2023-09-24 22:01:07,188 - tests.test_login_dataDriven - INFO - --------------------------------
2023-09-24 22:01:32,481 - tests.test_login_dataDriven - INFO - Starting the valid login test
2023-09-24 22:01:40,177 - tests.test_login_dataDriven - INFO - Enter Username: Admin
2023-09-24 22:01:40,177 - tests.test_login_dataDriven - INFO - Enter Password: admin125
2023-09-24 22:01:40,177 - tests.test_login_dataDriven - INFO - Test Case Execution Completed.
2023-09-24 22:01:40,177 - tests.test_login_dataDriven - INFO - --------------------------------
2023-09-24 22:02:02,840 - tests.test_login_dataDriven - INFO - Starting the valid login test
2023-09-24 22:02:10,985 - tests.test_login_dataDriven - INFO - Enter Username: Admin
2023-09-24 22:02:10,985 - tests.test_login_dataDriven - INFO - Enter Password: admin126
2023-09-24 22:02:10,985 - tests.test_login_dataDriven - INFO - Test Case Execution Completed.
2023-09-24 22:02:10,985 - tests.test_login_dataDriven - INFO - --------------------------------
2023-09-24 22:02:34,047 - tests.test_sample - INFO - Starting the valid login test
2023-09-24 22:02:41,842 - tests.test_sample - INFO - Enter Username: Admin
2023-09-24 22:02:41,842 - tests.test_sample - INFO - Enter Password: admin123
2023-09-24 22:02:41,842 - tests.test_sample - INFO - Test Case Execution Completed.
2023-09-24 22:02:41,842 - tests.test_sample - INFO - --------------------------------
2023-09-24 22:03:04,664 - tests.test_sample - INFO - Starting the Invalid login test
2023-09-24 22:03:15,167 - tests.test_sample - INFO - Enter Username: Admin invalid
2023-09-24 22:03:15,167 - tests.test_sample - INFO - Enter Password: 123456
2023-09-24 22:03:15,167 - tests.test_sample - INFO - Test Case Execution Completed.
2023-09-24 22:03:15,167 - tests.test_sample - INFO - --------------------------------
2023-09-24 22:22:36,522 - tests.test_login_dataDriven - INFO - Starting the valid login test
2023-09-24 22:22:49,404 - tests.test_login_dataDriven - INFO - Enter Username: Admin
2023-09-24 22:22:49,404 - tests.test_login_dataDriven - INFO - Enter Password: admin123
2023-09-24 22:22:49,404 - tests.test_login_dataDriven - INFO - Test Case Execution Completed.
2023-09-24 22:22:49,404 - tests.test_login_dataDriven - INFO - --------------------------------
2023-09-24 22:23:16,629 - tests.test_login_dataDriven - INFO - Starting the valid login test
2023-09-24 22:23:27,388 - tests.test_login_dataDriven - INFO - Enter Username: Admin
2023-09-24 22:23:27,388 - tests.test_login_dataDriven - INFO - Enter Password: admin124
2023-09-24 22:23:27,388 - tests.test_login_dataDriven - INFO - Test Case Execution Completed.
2023-09-24 22:23:27,388 - tests.test_login_dataDriven - INFO - --------------------------------
2023-09-24 22:23:55,233 - tests.test_login_dataDriven - INFO - Starting the valid login test
2023-09-24 22:24:04,929 - tests.test_login_dataDriven - INFO - Enter Username: Admin
2023-09-24 22:24:04,929 - tests.test_login_dataDriven - INFO - Enter Password: admin125
2023-09-24 22:24:04,929 - tests.test_login_dataDriven - INFO - Test Case Execution Completed.
2023-09-24 22:24:04,929 - tests.test_login_dataDriven - INFO - --------------------------------
2023-09-24 22:24:28,942 - tests.test_login_dataDriven - INFO - Starting the valid login test
2023-09-24 22:24:40,294 - tests.test_login_dataDriven - INFO - Enter Username: Admin
2023-09-24 22:24:40,294 - tests.test_login_dataDriven - INFO - Enter Password: admin126
2023-09-24 22:24:40,294 - tests.test_login_dataDriven - INFO - Test Case Execution Completed.
2023-09-24 22:24:40,294 - tests.test_login_dataDriven - INFO - --------------------------------
2023-09-24 22:45:21,279 - tests.test_login_dataDriven_adv - INFO - Starting the valid login test
2023-09-24 22:45:42,354 - tests.test_login_dataDriven_adv - INFO - Starting the valid login test
2023-09-24 22:46:09,028 - tests.test_login_dataDriven_adv - INFO - Starting the valid login test
2023-09-24 22:46:37,983 - tests.test_login_dataDriven_adv - INFO - Starting the valid login test
2023-09-24 22:47:53,331 - tests.test_login_dataDriven_adv - INFO - Starting the valid login test
2023-09-24 22:48:01,053 - tests.test_login_dataDriven_adv - INFO - Enter Username: Admin
2023-09-24 22:48:01,053 - tests.test_login_dataDriven_adv - INFO - Enter Password: admin123
2023-09-24 22:48:01,053 - tests.test_login_dataDriven_adv - INFO - Test Case Execution Completed.
2023-09-24 22:48:01,053 - tests.test_login_dataDriven_adv - INFO - --------------------------------
2023-09-24 22:48:31,767 - tests.test_login_dataDriven_adv - INFO - Starting the valid login test
2023-09-24 22:48:38,985 - tests.test_login_dataDriven_adv - INFO - Enter Username: Admin
2023-09-24 22:48:38,985 - tests.test_login_dataDriven_adv - INFO - Enter Password: admin123
2023-09-24 22:48:38,985 - tests.test_login_dataDriven_adv - INFO - Test Case Execution Completed.
2023-09-24 22:48:38,986 - tests.test_login_dataDriven_adv - INFO - --------------------------------
2023-09-24 23:00:28,365 - tests.test_login_dataDriven_adv - INFO - Starting the valid login test
2023-09-24 23:00:35,600 - tests.test_login_dataDriven_adv - INFO - Enter Username: Admin
2023-09-24 23:00:35,600 - tests.test_login_dataDriven_adv - INFO - Enter Password: admin123
2023-09-24 23:00:35,600 - tests.test_login_dataDriven_adv - INFO - Test Case Execution Completed.
2023-09-24 23:00:35,600 - tests.test_login_dataDriven_adv - INFO - --------------------------------
2023-09-24 23:01:03,827 - tests.test_login_dataDriven_adv - INFO - Starting the valid login test
2023-09-24 23:01:11,877 - tests.test_login_dataDriven_adv - INFO - Enter Username: Admin2
2023-09-24 23:01:11,877 - tests.test_login_dataDriven_adv - INFO - Enter Password: admin124
2023-09-24 23:01:11,877 - tests.test_login_dataDriven_adv - INFO - Test Case Execution Completed.
2023-09-24 23:01:11,877 - tests.test_login_dataDriven_adv - INFO - --------------------------------
2023-09-24 23:01:54,707 - tests.test_login_dataDriven_adv - INFO - Starting the valid login test
2023-09-24 23:02:06,201 - tests.test_login_dataDriven_adv - INFO - Enter Username: Admin3
2023-09-24 23:02:06,201 - tests.test_login_dataDriven_adv - INFO - Enter Password: admin125
2023-09-24 23:02:06,201 - tests.test_login_dataDriven_adv - INFO - Test Case Execution Completed.
2023-09-24 23:02:06,201 - tests.test_login_dataDriven_adv - INFO - --------------------------------
2023-09-24 23:02:45,153 - tests.test_login_dataDriven_adv - INFO - Starting the valid login test
2023-09-24 23:02:52,907 - tests.test_login_dataDriven_adv - INFO - Enter Username: Admin4
2023-09-24 23:02:52,907 - tests.test_login_dataDriven_adv - INFO - Enter Password: admin126
2023-09-24 23:02:52,907 - tests.test_login_dataDriven_adv - INFO - Test Case Execution Completed.
2023-09-24 23:02:52,907 - tests.test_login_dataDriven_adv - INFO - --------------------------------
2023-09-24 23:14:13,329 - tests.test_login_dataDriven_adv - INFO - Starting the valid login test
2023-09-24 23:14:21,433 - tests.test_login_dataDriven_adv - INFO - Enter Username: Admin
2023-09-24 23:14:21,433 - tests.test_login_dataDriven_adv - INFO - Enter Password: admin123
2023-09-24 23:14:21,433 - tests.test_login_dataDriven_adv - INFO - Test Case Execution Completed.
2023-09-24 23:14:21,433 - tests.test_login_dataDriven_adv - INFO - --------------------------------
2023-09-24 23:14:41,885 - tests.test_login_dataDriven_adv - INFO - Starting the valid login test
2023-09-24 23:14:49,684 - tests.test_login_dataDriven_adv - INFO - Enter Username: Admin2
2023-09-24 23:14:49,684 - tests.test_login_dataDriven_adv - INFO - Enter Password: admin124
2023-09-24 23:14:49,684 - tests.test_login_dataDriven_adv - INFO - Test Case Execution Completed.
2023-09-24 23:14:49,684 - tests.test_login_dataDriven_adv - INFO - --------------------------------
2023-09-24 23:29:16,415 - tests.test_login_dataDriven_adv - INFO - Starting the login test
2023-09-24 23:29:24,553 - tests.test_login_dataDriven_adv - INFO - Enter Username: Admin
2023-09-24 23:29:24,553 - tests.test_login_dataDriven_adv - INFO - Enter Password: admin123
2023-09-24 23:29:24,553 - tests.test_login_dataDriven_adv - INFO - Test Case Execution Completed.
2023-09-24 23:29:24,553 - tests.test_login_dataDriven_adv - INFO - --------------------------------
2023-09-24 23:29:59,384 - tests.test_login_dataDriven_adv - INFO - Starting the login test
2023-09-24 23:30:08,843 - tests.test_login_dataDriven_adv - INFO - Enter Username: Admin2
2023-09-24 23:30:08,843 - tests.test_login_dataDriven_adv - INFO - Enter Password: admin124
2023-09-24 23:30:08,843 - tests.test_login_dataDriven_adv - INFO - Test Case Execution Completed.
2023-09-24 23:30:08,843 - tests.test_login_dataDriven_adv - INFO - --------------------------------
